test_approval_closure_issues_and_untrusted_attestations (test_canonical.CanonicalTests.test_approval_closure_issues_and_untrusted_attestations) ... ok
test_cli_is_explicit_about_authority_and_redacts_invalid_input (test_canonical.CanonicalTests.test_cli_is_explicit_about_authority_and_redacts_invalid_input) ... ok
test_closed_schema_and_every_array_has_an_order_policy (test_canonical.CanonicalTests.test_closed_schema_and_every_array_has_an_order_policy) ... ok
test_digest_bound_admission_is_immutable_and_reapproval_is_required (test_canonical.CanonicalTests.test_digest_bound_admission_is_immutable_and_reapproval_is_required) ... ok
test_exact_values_nested_types_and_literal_key_safety (test_canonical.CanonicalTests.test_exact_values_nested_types_and_literal_key_safety) ... ok
test_migration_is_explicit_nonmutating_and_never_carries_approval (test_canonical.CanonicalTests.test_migration_is_explicit_nonmutating_and_never_carries_approval) ... ok
test_non_normal_content_cannot_be_resigned_into_acceptance (test_canonical.CanonicalTests.test_non_normal_content_cannot_be_resigned_into_acceptance) ... ok
test_ordered_steps_and_operands_change_digest (test_canonical.CanonicalTests.test_ordered_steps_and_operands_change_digest) ... ok
test_portable_bytes_and_domain_separation (test_canonical.CanonicalTests.test_portable_bytes_and_domain_separation) ... ok
test_quality_threshold_equivalence_and_bounded_expansion (test_canonical.CanonicalTests.test_quality_threshold_equivalence_and_bounded_expansion) ... ok
test_reference_domains_and_golden_hashes (test_canonical.CanonicalTests.test_reference_domains_and_golden_hashes) ... ok
test_resource_and_in_memory_input_rejection (test_canonical.CanonicalTests.test_resource_and_in_memory_input_rejection) ... ok
test_tampering_unknown_fields_versions_features_and_invalid_refs (test_canonical.CanonicalTests.test_tampering_unknown_fields_versions_features_and_invalid_refs) ... ok
test_unicode_identity_and_rename_continuity (test_canonical.CanonicalTests.test_unicode_identity_and_rename_continuity) ... ok
test_unordered_graph_and_attestation_reordering (test_canonical.CanonicalTests.test_unordered_graph_and_attestation_reordering) ... ok
test_value_records_preserve_absence_null_and_metadata_like_keys (test_canonical.CanonicalTests.test_value_records_preserve_absence_null_and_metadata_like_keys) ... ok
test_append_only_enforcement_tamper_detection_and_anchor (test_changes.ChangeTests.test_append_only_enforcement_tamper_detection_and_anchor) ... ok
test_authentication_scope_expiry_revocation_and_separation (test_changes.ChangeTests.test_authentication_scope_expiry_revocation_and_separation) ... ok
test_concurrent_connections_never_last_write_win (test_changes.ChangeTests.test_concurrent_connections_never_last_write_win) ... ok
test_concurrent_security_changes_require_merge_and_scoped_review (test_changes.ChangeTests.test_concurrent_security_changes_require_merge_and_scoped_review) ... ok
test_conflicting_rebase_is_a_persisted_merge_proposal (test_changes.ChangeTests.test_conflicting_rebase_is_a_persisted_merge_proposal) ... ok
test_declared_stale_reads_and_exact_base_binding (test_changes.ChangeTests.test_declared_stale_reads_and_exact_base_binding) ... ok
test_dependency_cascade_and_both_reference_domain_evolutions (test_changes.ChangeTests.test_dependency_cascade_and_both_reference_domain_evolutions) ... ok
test_deprecation_supersession_retirement_and_id_reuse (test_changes.ChangeTests.test_deprecation_supersession_retirement_and_id_reuse) ... ok
test_failed_and_stale_evidence_never_mutates_accepted_history (test_changes.ChangeTests.test_failed_and_stale_evidence_never_mutates_accepted_history) ... ok
test_idempotent_retry_and_key_conflict (test_changes.ChangeTests.test_idempotent_retry_and_key_conflict) ... ok
test_independent_rebase_requires_new_approval (test_changes.ChangeTests.test_independent_rebase_requires_new_approval) ... ok
test_journal_snapshot_inconsistency_is_detected (test_changes.ChangeTests.test_journal_snapshot_inconsistency_is_detected) ... ok
test_missing_migration_and_bad_source_receipt_are_rejected (test_changes.ChangeTests.test_missing_migration_and_bad_source_receipt_are_rejected) ... ok
test_one_byte_edit_impact_and_migration_invalidate_approval (test_changes.ChangeTests.test_one_byte_edit_impact_and_migration_invalidate_approval) ... ok
test_property_independent_operation_order_and_reference_stability (test_changes.ChangeTests.test_property_independent_operation_order_and_reference_stability) ... ok
test_real_process_crash_before_and_after_commit (test_changes.ChangeTests.test_real_process_crash_before_and_after_commit) ... ok
test_requirement_decision_concept_provenance_and_locked_scope (test_changes.ChangeTests.test_requirement_decision_concept_provenance_and_locked_scope) ... ok
test_rollback_is_forward_history_and_irreversible_requires_repair (test_changes.ChangeTests.test_rollback_is_forward_history_and_irreversible_requires_repair) ... ok
test_same_revision_mutation_and_revision_skip_rejected (test_changes.ChangeTests.test_same_revision_mutation_and_revision_skip_rejected) ... ok
test_schema_and_atomic_rename_history_lookup (test_changes.ChangeTests.test_schema_and_atomic_rename_history_lookup) ... ok
test_source_receipts_and_portable_restore (test_changes.ChangeTests.test_source_receipts_and_portable_restore) ... ok
test_stale_base_and_stale_read_set (test_changes.ChangeTests.test_stale_base_and_stale_read_set) ... ok
test_supersession_cannot_cycle_or_retarget_wrong_kind (test_changes.ChangeTests.test_supersession_cannot_cycle_or_retarget_wrong_kind) ... ok
test_unavailable_authority_malformed_evidence_and_unknown_parent (test_changes.ChangeTests.test_unavailable_authority_malformed_evidence_and_unknown_parent) ... ok
test_artifact_paths_collisions_digest_and_ownership (test_compiler.CompilerTests.test_artifact_paths_collisions_digest_and_ownership) ... ok
test_authority_rechecks_cache_and_rejects_forged_admission (test_compiler.CompilerTests.test_authority_rechecks_cache_and_rejects_forged_admission) ... ok
test_blocking_issue_unresolved_reference_and_redacted_diagnostics (test_compiler.CompilerTests.test_blocking_issue_unresolved_reference_and_redacted_diagnostics) ... ok
test_bounded_input_nodes_depth_work_output_and_manifest (test_compiler.CompilerTests.test_bounded_input_nodes_depth_work_output_and_manifest) ... ok
test_cancellation_and_operational_timeout (test_compiler.CompilerTests.test_cancellation_and_operational_timeout) ... ok
test_complete_both_domains_and_golden_vectors (test_compiler.CompilerTests.test_complete_both_domains_and_golden_vectors) ... ok
test_corrupted_and_rehashed_cache_entries_rejected (test_compiler.CompilerTests.test_corrupted_and_rehashed_cache_entries_rejected) ... ok
test_cross_process_cwd_locale_environment_hashseed_and_discovery_order (test_compiler.CompilerTests.test_cross_process_cwd_locale_environment_hashseed_and_discovery_order) ... ok
test_decision_digest_binding_scope_and_required_choices (test_compiler.CompilerTests.test_decision_digest_binding_scope_and_required_choices) ... ok
test_declared_change_migration_obligations_remain_outstanding (test_compiler.CompilerTests.test_declared_change_migration_obligations_remain_outstanding) ... ok
test_declared_inputs_affect_stage_identity_and_cache (test_compiler.CompilerTests.test_declared_inputs_affect_stage_identity_and_cache) ... ok
test_dependency_snapshots_and_cycles (test_compiler.CompilerTests.test_dependency_snapshots_and_cycles) ... ok
test_every_documented_diagnostic_has_executable_path (test_compiler.CompilerTests.test_every_documented_diagnostic_has_executable_path) ... ok
test_exact_versions_features_and_port_access (test_compiler.CompilerTests.test_exact_versions_features_and_port_access) ... ok
test_failure_at_every_stage_and_no_output (test_compiler.CompilerTests.test_failure_at_every_stage_and_no_output) ... ok
test_immutable_inputs_and_detached_document_reads (test_compiler.CompilerTests.test_immutable_inputs_and_detached_document_reads) ... ok
test_incremental_revision_rename_continuity_and_unrelated_cache_reuse (test_compiler.CompilerTests.test_incremental_revision_rename_continuity_and_unrelated_cache_reuse) ... ok
test_missing_ports_and_invalid_range_fail_closed (test_compiler.CompilerTests.test_missing_ports_and_invalid_range_fail_closed) ... ok
test_no_ai_storage_or_environment_port_required (test_compiler.CompilerTests.test_no_ai_storage_or_environment_port_required) ... ok
test_no_downstream_execution_after_failure (test_compiler.CompilerTests.test_no_downstream_execution_after_failure) ... ok
test_nondeterministic_adapter_detection (test_compiler.CompilerTests.test_nondeterministic_adapter_detection) ... ok
test_obligations_propagate_and_target_cannot_discharge (test_compiler.CompilerTests.test_obligations_propagate_and_target_cannot_discharge) ... ok
test_ordered_semantic_change_changes_artifact_digest (test_compiler.CompilerTests.test_ordered_semantic_change_changes_artifact_digest) ... ok
test_projection_cannot_drop_or_modify_semantics (test_compiler.CompilerTests.test_projection_cannot_drop_or_modify_semantics) ... ok
test_reference_store_atomic_apply_noop_update_and_race (test_compiler.CompilerTests.test_reference_store_atomic_apply_noop_update_and_race) ... ok
test_repeated_pipeline_and_order_insensitive_authoring (test_compiler.CompilerTests.test_repeated_pipeline_and_order_insensitive_authoring) ... ok
test_source_maps_remain_sidecars_and_reach_artifacts (test_compiler.CompilerTests.test_source_maps_remain_sidecars_and_reach_artifacts) ... ok
test_stages_independently_testable_and_provenance_complete (test_compiler.CompilerTests.test_stages_independently_testable_and_provenance_complete) ... ok
test_target_provenance_and_identity_collisions_rejected (test_compiler.CompilerTests.test_target_provenance_and_identity_collisions_rejected) ... ok
test_diagnostic_locations_are_actionable (test_contracts.ContractTests.test_diagnostic_locations_are_actionable) ... ok
test_invalid_graph_reordering_preserves_semantic_diagnostics (test_contracts.ContractTests.test_invalid_graph_reordering_preserves_semantic_diagnostics) ... ok
test_missing_fields_and_unknown_properties_fail_closed (test_contracts.ContractTests.test_missing_fields_and_unknown_properties_fail_closed) ... ok
test_order_invariance (test_contracts.ContractTests.test_order_invariance) ... ok
test_portable_corpus (test_contracts.ContractTests.test_portable_corpus) ... ok
test_rename_preserves_identity_and_requires_revision_updates (test_contracts.ContractTests.test_rename_preserves_identity_and_requires_revision_updates) ... ok
test_schema_and_kind_coverage (test_contracts.ContractTests.test_schema_and_kind_coverage) ... ok
test_strict_input_and_cli_exit_codes (test_contracts.ContractTests.test_strict_input_and_cli_exit_codes) ... ok
test_both_domains (test_phase1.Phase1Tests.test_both_domains) ... ok
test_common_identity_basis_and_compile_approval_for_new_kinds (test_phase1.Phase1Tests.test_common_identity_basis_and_compile_approval_for_new_kinds) ... ok
test_domain_constraints (test_phase1.Phase1Tests.test_domain_constraints) ... ok
test_dst_and_retry_horizon (test_phase1.Phase1Tests.test_dst_and_retry_horizon) ... ok
test_evidence_binding_freshness_and_measurement (test_phase1.Phase1Tests.test_evidence_binding_freshness_and_measurement) ... ok
test_execution_boundaries (test_phase1.Phase1Tests.test_execution_boundaries) ... ok
test_generated_contract_and_fixtures_are_current (test_phase1.Phase1Tests.test_generated_contract_and_fixtures_are_current) ... ok
test_independent_design_catalogues (test_phase1.Phase1Tests.test_independent_design_catalogues) ... ok
test_literal_value_records_are_not_semantic_nodes (test_phase1.Phase1Tests.test_literal_value_records_are_not_semantic_nodes) ... ok
test_portable_extended_corpus (test_phase1.Phase1Tests.test_portable_extended_corpus) ... ok
test_precision_rounding_and_value_equality (test_phase1.Phase1Tests.test_precision_rounding_and_value_equality) ... ok
test_presence_is_explicit (test_phase1.Phase1Tests.test_presence_is_explicit) ... ok
test_quality_constraints (test_phase1.Phase1Tests.test_quality_constraints) ... ok
test_security_and_privacy (test_phase1.Phase1Tests.test_security_and_privacy) ... ok
test_task_ui_rejects_entity_bindings_and_missing_states (test_phase1.Phase1Tests.test_task_ui_rejects_entity_bindings_and_missing_states) ... ok

----------------------------------------------------------------------
Ran 92 tests in 381.518s

OK
